// Jest Snapshot v1, https://goo.gl/fbAQLP

exports[`Mine Sweeper Should render correctly 1`] = `ShallowWrapper {}`;
